#
# A fatal error has been detected by the Java Runtime Environment:
#
#  EXCEPTION_ACCESS_VIOLATION (0xc0000005) at pc=0x00007ff9311fce15, pid=13040, tid=12508
#
# JRE version: Java(TM) SE Runtime Environment (24.0.2+12) (build 24.0.2+12-54)
# Java VM: Java HotSpot(TM) 64-Bit Server VM (24.0.2+12-54, mixed mode, emulated-client, sharing, tiered, compressed oops, compressed class ptrs, g1 gc, windows-amd64)
# Problematic frame:
# C  [libasyncProfiler.dll+0x9ce15]
#
# No core dump will be written. Minidumps are not enabled by default on client versions of Windows
#
# JFR recording file will be written. Location: E:\projet\subget_backend\hs_err_pid13040.jfr
#
# If you would like to submit a bug report, please visit:
#   https://bugreport.java.com/bugreport/crash.jsp
# The crash happened outside the Java Virtual Machine in native code.
# See problematic frame for where to report the bug.
#

---------------  S U M M A R Y ------------

Command Line: -XX:TieredStopAtLevel=1 -Dspring.output.ansi.enabled=always -Dcom.sun.management.jmxremote -Dspring.jmx.enabled=true -Dspring.liveBeansView.mbeanDomain -Dspring.application.admin.enabled=true -Dmanagement.endpoints.jmx.exposure.include=* -javaagent:C:\Program Files\JetBrains\IntelliJ IDEA 2023.1\lib\idea_rt.jar=8588:C:\Program Files\JetBrains\IntelliJ IDEA 2023.1\bin -agentpath:C:\Users\RUPHIN\AppData\Local\Temp\libasyncProfiler.dll=start,jfr,event=cpu,interval=10ms,jfrsync=profile,cstack=no,file=C:\Users\RUPHIN\IdeaSnapshots\SubgetBackendApplication_2026_09_09_152656.jfr,log=C:\Users\RUPHIN\AppData\Local\Temp\SubgetBackendApplication_2026_09_09_152656.jfr.log.txt,logLevel=DEBUG -Dfile.encoding=UTF-8 -Dsun.stdout.encoding=UTF-8 -Dsun.stderr.encoding=UTF-8 com.budget.subget_backend.SubgetBackendApplication

Host: Intel(R) Core(TM) i5-10310U CPU @ 1.70GHz, 8 cores, 15G,  Windows 11 , 64 bit Build 26100 (10.0.26100.9444)
Time: Wed Sep  9 15:26:58 2026 Afr. centrale Ouest elapsed time: 1.745093 seconds (0d 0h 0m 1s)

---------------  T H R E A D  ---------------

Current thread (0x00000219c1eb2150):  JavaThread "main"             [_thread_in_native, id=12508, stack(0x00000032e0600000,0x00000032e0700000) (1024K)]

Stack: [0x00000032e0600000,0x00000032e0700000],  sp=0x00000032e06fe530,  free space=1017k
Native frames: (J=compiled Java code, j=interpreted, Vv=VM code, C=native code)
C  [libasyncProfiler.dll+0x9ce15]  (no source info available)
C  [libasyncProfiler.dll+0x9d1bb]  (no source info available)
C  [libasyncProfiler.dll+0x9c004]  (no source info available)
C  [libasyncProfiler.dll+0x9c8e7]  (no source info available)
C  [libasyncProfiler.dll+0x971ab]  (no source info available)
C  [libasyncProfiler.dll+0x8a476]  (no source info available)
C  [libasyncProfiler.dll+0x88f60]  (no source info available)
C  [libasyncProfiler.dll+0x88e34]  (no source info available)
C  [libasyncProfiler.dll+0x8e90d]  (no source info available)
V  [jvm.dll+0x5e37ee]  (no source info available)
V  [jvm.dll+0x8862d6]  (no source info available)
V  [jvm.dll+0x495e7e]  (no source info available)
V  [jvm.dll+0x497c51]  (no source info available)
C  [jli.dll+0x52a1]  (no source info available)
C  [ucrtbase.dll+0x2cd30]  (no source info available)
C  [KERNEL32.DLL+0x2cd87]  (no source info available)
C  [ntdll.dll+0xacaec]  (no source info available)


siginfo: EXCEPTION_ACCESS_VIOLATION (0xc0000005), reading address 0xffffffffffffffff


Registers:
RAX=0x007ff90c16301010, RBX=0x0000000000000000, RCX=0x0000000000000010, RDX=0x00000219c1eb2150
RSP=0x00000032e06fe530, RBP=0x00000219d68d8d00, RSI=0x00000032e06fe668, RDI=0x00000219d68d8d00
R8 =0x0000000000000042, R9 =0x0000000713401ed8, R10=0x00007ff90c3d9ff0, R11=0x0000000000000008
R12=0x00000032e06fe668, R13=0x00000219c2320e50, R14=0x00000219c1eb2518, R15=0x000000000000001a
RIP=0x00007ff9311fce15, EFLAGS=0x0000000000010206

XMM[0]=0x0000000000000000 0x0000000000000000
XMM[1]=0x0000000000000000 0x0000000000000000
XMM[2]=0x0000000000000000 0x0000000000000000
XMM[3]=0x0000000000000000 0x0000000000000000
XMM[4]=0x0000000000000000 0x0000000000000000
XMM[5]=0x0000000000000000 0x0000000000000000
XMM[6]=0x00007ff931311300 0x00007ff931242400
XMM[7]=0x000000000000000f 0x0000000000000000
XMM[8]=0x0000000000000000 0x0000000000000000
XMM[9]=0x0000000000000000 0x0000000000000000
XMM[10]=0x0000000000000000 0x0000000000000000
XMM[11]=0x0000000000000000 0x0000000000000000
XMM[12]=0x0000000000000000 0x0000000000000000
XMM[13]=0x0000000000000000 0x0000000000000000
XMM[14]=0x0000000000000000 0x0000000000000000
XMM[15]=0x0000000000000000 0x0000000000000000
  MXCSR=0x00001fa0


Register to memory mapping:

RAX=0x007ff90c16301010 is an unknown value
RBX=0x0 is null
RCX=0x0000000000000010 is an unknown value
RDX=0x00000219c1eb2150 is a thread
RSP=0x00000032e06fe530 is pointing into the stack for thread: 0x00000219c1eb2150
RBP=0x00000219d68d8d00 points into unknown readable memory: 0x0000000713401ed8 | d8 1e 40 13 07 00 00 00
RSI=0x00000032e06fe668 is pointing into the stack for thread: 0x00000219c1eb2150
RDI=0x00000219d68d8d00 points into unknown readable memory: 0x0000000713401ed8 | d8 1e 40 13 07 00 00 00
R8 =0x0000000000000042 is an unknown value
R9 =0x0000000713401ed8 is an oop: java.lang.Thread 
{0x0000000713401ed8} - klass: 'java/lang/Thread' - flags: 

 - ---- fields (total size 14 words):
 - 'threadLocalRandomProbe' 'I' @12  0 (0x00000000)
 - private volatile 'eetop' 'J' @16  2309650850128 (0x00000219c1eb2150)
 - private final 'tid' 'J' @24  3 (0x0000000000000003)
 - 'threadLocalRandomSeed' 'J' @32  0 (0x0000000000000000)
 - injected 'jvmti_thread_state' 'J' @40  2309991438352 (0x00000219d6381810)
 - 'threadLocalRandomSecondarySeed' 'I' @48  0 (0x00000000)
 - injected 'jvmti_VTMS_transition_disable_count' 'I' @52  0 (0x00000000)
 - injected 'jfr_epoch' 'S' @56  0 (0x0000)
 - volatile 'interrupted' 'Z' @58  false (0x00)
 - injected 'jvmti_is_in_VTMS_transition' 'Z' @59  false (0x00)
 - private volatile 'name' 'Ljava/lang/String;' @60  "main"{0x0000000713401f48} (0xe26803e9)
 - private volatile 'contextClassLoader' 'Ljava/lang/ClassLoader;' @64  a 'jdk/internal/loader/ClassLoaders$AppClassLoader'{0x000000071343ee90} (0xe2687dd2)
 - private final 'holder' 'Ljava/lang/Thread$FieldHolder;' @68  a 'java/lang/Thread$FieldHolder'{0x0000000713401f88} (0xe26803f1)
 - 'threadLocals' 'Ljava/lang/ThreadLocal$ThreadLocalMap;' @72  a 'java/lang/ThreadLocal$ThreadLocalMap'{0x000000071335c1a0} (0xe266b834)
 - 'inheritableThreadLocals' 'Ljava/lang/ThreadLocal$ThreadLocalMap;' @76  null (0x00000000)
 - private 'scopedValueBindings' 'Ljava/lang/Object;' @80  a 'java/lang/Class'{0x00000007ffe7c8c0} = 'java/lang/Thread' (0xfffcf918)
 - final 'interruptLock' 'Ljava/lang/Object;' @84  a 'java/lang/Object'{0x0000000713401f78} (0xe26803ef)
 - private volatile 'parkBlocker' 'Ljava/lang/Object;' @88  null (0x00000000)
 - private 'nioBlocker' 'Lsun/nio/ch/Interruptible;' @92  null (0x00000000)
 - private 'cont' 'Ljdk/internal/vm/Continuation;' @96  null (0x00000000)
 - private volatile 'uncaughtExceptionHandler' 'Ljava/lang/Thread$UncaughtExceptionHandler;' @100  null (0x00000000)
 - private 'container' 'Ljdk/internal/vm/ThreadContainer;' @104  null (0x00000000)
 - private volatile 'headStackableScopes' 'Ljdk/internal/vm/StackableScope;' @108  null (0x00000000)
R10=0x00007ff90c3d9ff0 jvm.dll
R11=0x0000000000000008 is an unknown value
R12=0x00000032e06fe668 is pointing into the stack for thread: 0x00000219c1eb2150
R13=0x00000219c2320e50 points into unknown readable memory: 0x00007ff90c34a510 | 10 a5 34 0c f9 7f 00 00
R14=0x00000219c1eb2518 points into unknown readable memory: 0x00007ff90c3417b0 | b0 17 34 0c f9 7f 00 00
R15=0x000000000000001a is an unknown value

Top of Stack: (sp=0x00000032e06fe530)
0x00000032e06fe530:   00000032e06fe668 00000219d68d8d00   h.o.2...........
0x00000032e06fe540:   0000000000000000 00000000000007c0   ................
0x00000032e06fe550:   0000021a1d31fb90 00007ff9311fd1bb   ..1........1....
0x00000032e06fe560:   fffffffffffffffe 00000219c1eb2518   .........%......
0x00000032e06fe570:   0000000000000000 0000021a1d31fb90   ..........1.....
0x00000032e06fe580:   00000219c1eb2518 00007ff9311fc004   .%.........1....
0x00000032e06fe590:   0000000000000000 000000000000001a   ................
0x00000032e06fe5a0:   0000000000000000 0000021a1d31fb90   ..........1.....
0x00000032e06fe5b0:   0000000000000009 0000021a1d3577f0   .........w5.....
0x00000032e06fe5c0:   fffffffffffffffe 0000021a1d31fb90   ..........1.....
0x00000032e06fe5d0:   0000021a1d31fbf8 0000021a1d31fc00   ..1.......1.....
0x00000032e06fe5e0:   000000000000086c 0000000000000000   l...............
0x00000032e06fe5f0:   0000000000000000 0000000000000000   ................
0x00000032e06fe600:   00007ff931386ba0 0000000000000001   .k81............
0x00000032e06fe610:   0000000000000000 0000000000000000   ................
0x00000032e06fe620:   00007ff93138c800 00007ff9311fc8e7   ..81.......1....
0x00000032e06fe630:   00000219c1eb2518 00000000000032f0   .%.......2......
0x00000032e06fe640:   00000032e06fe6b0 00000000ffffffff   ..o.2...........
0x00000032e06fe650:   00007ff931313524 00007ff931386ba0   $511.....k81....
0x00000032e06fe660:   00000032e06fe800 0000021a1d1738f0   ..o.2....8......
0x00000032e06fe670:   0000021a1d173c30 0000021a1d173c30   0<......0<......
0x00000032e06fe680:   00000219c1eb2518 00000219c1eb2518   .%.......%......
0x00000032e06fe690:   fffffffffffffffe 00007ff93138c800   ..........81....
0x00000032e06fe6a0:   00000219bffa0000 0000021900000000   ................
0x00000032e06fe6b0:   00007ff931386ba0 00007ff931386ba0   .k81.....k81....
0x00000032e06fe6c0:   0000000000000000 00007ff93138c850   ........P.81....
0x00000032e06fe6d0:   0000000000989680 00000032e06fe9e8   ..........o.2...
0x00000032e06fe6e0:   00000032e06fe7f0 00007ff9311f71ab   ..o.2....q.1....
0x00000032e06fe6f0:   00007ff93138c858 00007ffffffeffff   X.81............
0x00000032e06fe700:   00007ff93138c858 0000000000000008   X.81............
0x00000032e06fe710:   0000f46ef990f463 000000000165a0bc   c...n.....e.....
0x00000032e06fe720:   0000000000000004 0000021a1e4f95f0   ..........O.....

Instructions: (pc=0x00007ff9311fce15)
  0x00007ff9311fcd15:   cc cc cc cc cc cc cc cc cc cc cc cc cc cc cc cc
  0x00007ff9311fcd25:   cc cc cc cc cc cc cc cc cc cc cc cc cc cc cc cc
  0x00007ff9311fcd35:   cc cc cc cc cc cc cc cc cc cc cc cc cc cc cc cc
  0x00007ff9311fcd45:   cc cc cc cc cc cc cc cc cc cc cc cc cc cc cc cc
  0x00007ff9311fcd55:   cc cc cc cc cc cc cc cc cc cc cc cc cc cc cc cc
  0x00007ff9311fcd65:   cc cc cc cc cc cc cc cc cc cc cc cc cc cc cc cc
  0x00007ff9311fcd75:   cc cc cc cc cc cc cc cc cc cc cc cc cc cc cc cc
  0x00007ff9311fcd85:   cc cc cc cc cc cc cc cc cc cc cc cc cc cc cc cc
  0x00007ff9311fcd95:   cc cc cc cc cc cc cc cc cc cc cc cc cc cc cc cc
  0x00007ff9311fcda5:   cc cc cc cc cc cc cc cc cc cc cc 40 57 48 83 ec
  0x00007ff9311fcdb5:   20 48 8b f9 48 8d 54 24 38 48 8b 0d eb fb 18 00
  0x00007ff9311fcdc5:   41 b8 06 00 01 00 48 8b 01 4c 8b 48 30 41 ff d1
  0x00007ff9311fcdd5:   4c 8b 05 8c fc 18 00 33 c9 85 c0 48 0f 44 4c 24
  0x00007ff9311fcde5:   38 4d 85 c0 74 33 48 8b 01 48 8b d7 4c 8b 88 28
  0x00007ff9311fcdf5:   03 00 00 41 ff d1 48 8b d0 48 85 c0 74 1b 48 63
  0x00007ff9311fce05:   05 c6 9e 18 00 48 63 0d cb 9e 18 00 48 8b 04 10
=>0x00007ff9311fce15:   8b 04 01 48 83 c4 20 5f c3 80 3d 9f fb 18 00 00
  0x00007ff9311fce25:   48 89 5c 24 30 bb ff ff ff ff 74 20 4c 8b 0d 60
  0x00007ff9311fce35:   f8 18 00 4c 8d 44 24 38 48 8b 0d 44 f8 18 00 48
  0x00007ff9311fce45:   8b d7 41 ff d1 85 c0 0f 44 5c 24 38 8b c3 48 8b
  0x00007ff9311fce55:   5c 24 30 48 83 c4 20 5f c3 cc cc cc cc cc cc cc
  0x00007ff9311fce65:   cc cc cc cc cc cc cc cc cc cc cc cc cc cc cc cc
  0x00007ff9311fce75:   cc cc cc cc cc cc cc cc cc cc cc cc cc cc cc cc
  0x00007ff9311fce85:   cc cc cc cc cc cc cc cc cc cc cc 40 57 48 83 ec
  0x00007ff9311fce95:   30 48 c7 44 24 20 fe ff ff ff 48 89 5c 24 50 48
  0x00007ff9311fcea5:   8b fa 48 8b d9 48 89 4c 24 40 b9 01 00 00 00 33
  0x00007ff9311fceb5:   c0 f0 0f b1 0b 74 04 f3 90 eb f4 48 8d 53 08 48
  0x00007ff9311fcec5:   8b cf e8 bc 86 f6 ff 90 b8 ff ff ff ff f0 0f c1
  0x00007ff9311fced5:   03 48 8b c7 48 8b 5c 24 50 48 83 c4 30 5f c3 cc
  0x00007ff9311fcee5:   cc cc cc cc cc cc cc cc cc cc cc cc cc cc cc cc
  0x00007ff9311fcef5:   cc cc cc cc cc cc cc cc cc cc cc 4c 8b c2 48 8b
  0x00007ff9311fcf05:   51 08 48 39 51 10 74 3a 41 8b 00 89 02 33 c0 48


Stack slot to memory mapping:

stack at sp + 0 slots: 0x00000032e06fe668 is pointing into the stack for thread: 0x00000219c1eb2150
stack at sp + 1 slots: 0x00000219d68d8d00 points into unknown readable memory: 0x0000000713401ed8 | d8 1e 40 13 07 00 00 00
stack at sp + 2 slots: 0x0 is null
stack at sp + 3 slots: 0x00000000000007c0 is an unknown value
stack at sp + 4 slots: 0x0000021a1d31fb90 points into unknown readable memory: 0x0000247800000e98 | 98 0e 00 00 78 24 00 00
stack at sp + 5 slots: 0x00007ff9311fd1bb libasyncProfiler.dll
stack at sp + 6 slots: 0xfffffffffffffffe is an unknown value
stack at sp + 7 slots: 0x00000219c1eb2518 points into unknown readable memory: 0x00007ff90c3417b0 | b0 17 34 0c f9 7f 00 00

Lock stack of current Java thread (top to bottom):


---------------  P R O C E S S  ---------------

Threads class SMR info:
_java_thread_list=0x0000021a1d4c6b00, length=20, elements={
0x00000219c1eb2150, 0x00000219c203d050, 0x00000219c203d990, 0x00000219c2047950,
0x00000219c204a490, 0x00000219c204afc0, 0x00000219d6332050, 0x00000219d633ab90,
0x00000219d6448a30, 0x00000219d644fa90, 0x00000219d64a27c0, 0x00000219d68be9b0,
0x00000219d6a0f400, 0x0000021a1d1f7ab0, 0x0000021a1d266c40, 0x0000021a1d3cca10,
0x0000021a1d3fb340, 0x0000021a1d3fbee0, 0x0000021a1d47cab0, 0x0000021a1d47d200
}

Java Threads: ( => current thread )
=>0x00000219c1eb2150 JavaThread "main"                              [_thread_in_native, id=12508, stack(0x00000032e0600000,0x00000032e0700000) (1024K)]
  0x00000219c203d050 JavaThread "Reference Handler"          daemon [_thread_blocked, id=12584, stack(0x00000032e0e00000,0x00000032e0f00000) (1024K)]
  0x00000219c203d990 JavaThread "Finalizer"                  daemon [_thread_blocked, id=12604, stack(0x00000032e0f00000,0x00000032e1000000) (1024K)]
  0x00000219c2047950 JavaThread "Signal Dispatcher"          daemon [_thread_blocked, id=12632, stack(0x00000032e1000000,0x00000032e1100000) (1024K)]
  0x00000219c204a490 JavaThread "Attach Listener"            daemon [_thread_blocked, id=1760, stack(0x00000032e1100000,0x00000032e1200000) (1024K)]
  0x00000219c204afc0 JavaThread "Service Thread"             daemon [_thread_blocked, id=2008, stack(0x00000032e1200000,0x00000032e1300000) (1024K)]
  0x00000219d6332050 JavaThread "Monitor Deflation Thread"   daemon [_thread_blocked, id=8868, stack(0x00000032e1300000,0x00000032e1400000) (1024K)]
  0x00000219d633ab90 JavaThread "C1 CompilerThread0"         daemon [_thread_blocked, id=1812, stack(0x00000032e1400000,0x00000032e1500000) (1024K)]
  0x00000219d6448a30 JavaThread "C1 CompilerThread1"         daemon [_thread_blocked, id=2028, stack(0x00000032e1500000,0x00000032e1600000) (1024K)]
  0x00000219d644fa90 JavaThread "C1 CompilerThread2"         daemon [_thread_blocked, id=1808, stack(0x00000032e1600000,0x00000032e1700000) (1024K)]
  0x00000219d64a27c0 JavaThread "Common-Cleaner"             daemon [_thread_blocked, id=1924, stack(0x00000032e1700000,0x00000032e1800000) (1024K)]
  0x00000219d68be9b0 JavaThread "Monitor Ctrl-Break"         daemon [_thread_in_native, id=12988, stack(0x00000032e1800000,0x00000032e1900000) (1024K)]
  0x00000219d6a0f400 JavaThread "JFR Recorder Thread"        daemon [_thread_in_native, id=14016, stack(0x00000032e1900000,0x00000032e1a00000) (1024K)]
  0x0000021a1d1f7ab0 JavaThread "C1 CompilerThread3"         daemon [_thread_blocked, id=12532, stack(0x00000032e1a00000,0x00000032e1b00000) (1024K)]
  0x0000021a1d266c40 JavaThread "JFR Periodic Tasks"         daemon [_thread_blocked, id=2156, stack(0x00000032e1b00000,0x00000032e1c00000) (1024K)]
  0x0000021a1d3cca10 JavaThread "RMI TCP Accept-0"           daemon [_thread_in_native, id=2684, stack(0x00000032e1c00000,0x00000032e1d00000) (1024K)]
  0x0000021a1d3fb340 JavaThread "RMI TCP Connection(1)-192.168.0.103" daemon [_thread_in_native, id=9156, stack(0x00000032e1e00000,0x00000032e1f00000) (1024K)]
  0x0000021a1d3fbee0 JavaThread "RMI TCP Connection(2)-192.168.0.103" daemon [_thread_in_native, id=8872, stack(0x00000032e1d00000,0x00000032e1e00000) (1024K)]
  0x0000021a1d47cab0 JavaThread "RMI Scheduler(0)"           daemon [_thread_blocked, id=14312, stack(0x00000032e2000000,0x00000032e2100000) (1024K)]
  0x0000021a1d47d200 JavaThread "JMX server connection timeout 35" daemon [_thread_blocked, id=8992, stack(0x00000032e2100000,0x00000032e2200000) (1024K)]
Total: 20

Other Threads:
  0x00000219c202afc0 VMThread "VM Thread"                           [id=12544, stack(0x00000032e0d00000,0x00000032e0e00000) (1024K)]
  0x00000219c2014bd0 WatcherThread "VM Periodic Task Thread"        [id=12492, stack(0x00000032e0c00000,0x00000032e0d00000) (1024K)]
  0x00000219c1f1bae0 WorkerThread "GC Thread#0"                     [id=12812, stack(0x00000032e0700000,0x00000032e0800000) (1024K)]
  0x00000219c1f6ada0 ConcurrentGCThread "G1 Main Marker"            [id=12620, stack(0x00000032e0800000,0x00000032e0900000) (1024K)]
  0x00000219c1f6ce10 WorkerThread "G1 Conc#0"                       [id=9676, stack(0x00000032e0900000,0x00000032e0a00000) (1024K)]
  0x00000219c1ff83e0 ConcurrentGCThread "G1 Refine#0"               [id=4152, stack(0x00000032e0a00000,0x00000032e0b00000) (1024K)]
  0x00000219c1ff8d10 ConcurrentGCThread "G1 Service"                [id=10140, stack(0x00000032e0b00000,0x00000032e0c00000) (1024K)]
Total: 7

Threads with active compile tasks:
Total: 0

VM state: not at safepoint (normal execution)

VM Mutex/Monitor currently owned by a thread: None

Heap address: 0x0000000703800000, size: 4040 MB, Compressed Oops mode: Zero based, Oop shift amount: 3

CDS archive(s) mapped at: [0x00000219d7000000-0x00000219d7d40000-0x00000219d7d40000), size 13893632, SharedBaseAddress: 0x00000219d7000000, ArchiveRelocationMode: 1.
Compressed class space mapped at: 0x00000219d8000000-0x0000021a18000000, reserved size: 1073741824
UseCompressedClassPointers 1, UseCompactObjectHeaders 0
Narrow klass pointer bits 32, Max shift 3
Narrow klass base: 0x00000219d7000000, Narrow klass shift: 0
Encoding Range: [0x00000219d7000000 - 0x0000021ad7000000), (4294967296 bytes)
Klass Range:    [0x00000219d7000000 - 0x0000021a18000000), (1090519040 bytes)
Klass ID Range:  [8 - 1090519033) (1090519025)

GC Precious Log:
 CardTable entry size: 512
 Card Set container configuration: InlinePtr #cards 4 size 8 Array Of Cards #cards 16 size 48 Howl #buckets 8 coarsen threshold 3686 Howl Bitmap #cards 512 size 80 coarsen threshold 460 Card regions per heap region 1 cards per card region 4096
 CPUs: 8 total, 8 available
 Memory: 16157M
 Large Page Support: Disabled
 NUMA Support: Disabled
 Compressed Oops: Enabled (Zero based)
 Heap Region Size: 2M
 Heap Min Capacity: 8M
 Heap Initial Capacity: 254M
 Heap Max Capacity: 4040M
 Pre-touch: Disabled
 Parallel Workers: 8
 Concurrent Workers: 2
 Concurrent Refinement Workers: 8
 Periodic GC: Disabled

Heap:
 garbage-first heap   total reserved 4136960K, committed 262144K, used 42100K [0x0000000703800000, 0x0000000800000000)
  region size 2048K, 22 young (45056K), 0 survivors (0K)
 Metaspace       used 7125K, committed 7488K, reserved 1114112K
  class space    used 795K, committed 960K, reserved 1048576K

Heap Regions: E=young(eden), S=young(survivor), O=old, HS=humongous(starts), HC=humongous(continues), CS=collection set, F=free, TAMS=top-at-mark-start, PB=parsable bottom
|   0|0x0000000703800000, 0x0000000703800000, 0x0000000703a00000|  0%| F|  |TAMS 0x0000000703800000| PB 0x0000000703800000| Untracked |  0
|   1|0x0000000703a00000, 0x0000000703a00000, 0x0000000703c00000|  0%| F|  |TAMS 0x0000000703a00000| PB 0x0000000703a00000| Untracked |  0
|   2|0x0000000703c00000, 0x0000000703c00000, 0x0000000703e00000|  0%| F|  |TAMS 0x0000000703c00000| PB 0x0000000703c00000| Untracked |  0
|   3|0x0000000703e00000, 0x0000000703e00000, 0x0000000704000000|  0%| F|  |TAMS 0x0000000703e00000| PB 0x0000000703e00000| Untracked |  0
|   4|0x0000000704000000, 0x0000000704000000, 0x0000000704200000|  0%| F|  |TAMS 0x0000000704000000| PB 0x0000000704000000| Untracked |  0
|   5|0x0000000704200000, 0x0000000704200000, 0x0000000704400000|  0%| F|  |TAMS 0x0000000704200000| PB 0x0000000704200000| Untracked |  0
|   6|0x0000000704400000, 0x0000000704400000, 0x0000000704600000|  0%| F|  |TAMS 0x0000000704400000| PB 0x0000000704400000| Untracked |  0
|   7|0x0000000704600000, 0x0000000704600000, 0x0000000704800000|  0%| F|  |TAMS 0x0000000704600000| PB 0x0000000704600000| Untracked |  0
|   8|0x0000000704800000, 0x0000000704800000, 0x0000000704a00000|  0%| F|  |TAMS 0x0000000704800000| PB 0x0000000704800000| Untracked |  0
|   9|0x0000000704a00000, 0x0000000704a00000, 0x0000000704c00000|  0%| F|  |TAMS 0x0000000704a00000| PB 0x0000000704a00000| Untracked |  0
|  10|0x0000000704c00000, 0x0000000704c00000, 0x0000000704e00000|  0%| F|  |TAMS 0x0000000704c00000| PB 0x0000000704c00000| Untracked |  0
|  11|0x0000000704e00000, 0x0000000704e00000, 0x0000000705000000|  0%| F|  |TAMS 0x0000000704e00000| PB 0x0000000704e00000| Untracked |  0
|  12|0x0000000705000000, 0x0000000705000000, 0x0000000705200000|  0%| F|  |TAMS 0x0000000705000000| PB 0x0000000705000000| Untracked |  0
|  13|0x0000000705200000, 0x0000000705200000, 0x0000000705400000|  0%| F|  |TAMS 0x0000000705200000| PB 0x0000000705200000| Untracked |  0
|  14|0x0000000705400000, 0x0000000705400000, 0x0000000705600000|  0%| F|  |TAMS 0x0000000705400000| PB 0x0000000705400000| Untracked |  0
|  15|0x0000000705600000, 0x0000000705600000, 0x0000000705800000|  0%| F|  |TAMS 0x0000000705600000| PB 0x0000000705600000| Untracked |  0
|  16|0x0000000705800000, 0x0000000705800000, 0x0000000705a00000|  0%| F|  |TAMS 0x0000000705800000| PB 0x0000000705800000| Untracked |  0
|  17|0x0000000705a00000, 0x0000000705a00000, 0x0000000705c00000|  0%| F|  |TAMS 0x0000000705a00000| PB 0x0000000705a00000| Untracked |  0
|  18|0x0000000705c00000, 0x0000000705c00000, 0x0000000705e00000|  0%| F|  |TAMS 0x0000000705c00000| PB 0x0000000705c00000| Untracked |  0
|  19|0x0000000705e00000, 0x0000000705e00000, 0x0000000706000000|  0%| F|  |TAMS 0x0000000705e00000| PB 0x0000000705e00000| Untracked |  0
|  20|0x0000000706000000, 0x0000000706000000, 0x0000000706200000|  0%| F|  |TAMS 0x0000000706000000| PB 0x0000000706000000| Untracked |  0
|  21|0x0000000706200000, 0x0000000706200000, 0x0000000706400000|  0%| F|  |TAMS 0x0000000706200000| PB 0x0000000706200000| Untracked |  0
|  22|0x0000000706400000, 0x0000000706400000, 0x0000000706600000|  0%| F|  |TAMS 0x0000000706400000| PB 0x0000000706400000| Untracked |  0
|  23|0x0000000706600000, 0x0000000706600000, 0x0000000706800000|  0%| F|  |TAMS 0x0000000706600000| PB 0x0000000706600000| Untracked |  0
|  24|0x0000000706800000, 0x0000000706800000, 0x0000000706a00000|  0%| F|  |TAMS 0x0000000706800000| PB 0x0000000706800000| Untracked |  0
|  25|0x0000000706a00000, 0x0000000706a00000, 0x0000000706c00000|  0%| F|  |TAMS 0x0000000706a00000| PB 0x0000000706a00000| Untracked |  0
|  26|0x0000000706c00000, 0x0000000706c00000, 0x0000000706e00000|  0%| F|  |TAMS 0x0000000706c00000| PB 0x0000000706c00000| Untracked |  0
|  27|0x0000000706e00000, 0x0000000706e00000, 0x0000000707000000|  0%| F|  |TAMS 0x0000000706e00000| PB 0x0000000706e00000| Untracked |  0
|  28|0x0000000707000000, 0x0000000707000000, 0x0000000707200000|  0%| F|  |TAMS 0x0000000707000000| PB 0x0000000707000000| Untracked |  0
|  29|0x0000000707200000, 0x0000000707200000, 0x0000000707400000|  0%| F|  |TAMS 0x0000000707200000| PB 0x0000000707200000| Untracked |  0
|  30|0x0000000707400000, 0x0000000707400000, 0x0000000707600000|  0%| F|  |TAMS 0x0000000707400000| PB 0x0000000707400000| Untracked |  0
|  31|0x0000000707600000, 0x0000000707600000, 0x0000000707800000|  0%| F|  |TAMS 0x0000000707600000| PB 0x0000000707600000| Untracked |  0
|  32|0x0000000707800000, 0x0000000707800000, 0x0000000707a00000|  0%| F|  |TAMS 0x0000000707800000| PB 0x0000000707800000| Untracked |  0
|  33|0x0000000707a00000, 0x0000000707a00000, 0x0000000707c00000|  0%| F|  |TAMS 0x0000000707a00000| PB 0x0000000707a00000| Untracked |  0
|  34|0x0000000707c00000, 0x0000000707c00000, 0x0000000707e00000|  0%| F|  |TAMS 0x0000000707c00000| PB 0x0000000707c00000| Untracked |  0
|  35|0x0000000707e00000, 0x0000000707e00000, 0x0000000708000000|  0%| F|  |TAMS 0x0000000707e00000| PB 0x0000000707e00000| Untracked |  0
|  36|0x0000000708000000, 0x0000000708000000, 0x0000000708200000|  0%| F|  |TAMS 0x0000000708000000| PB 0x0000000708000000| Untracked |  0
|  37|0x0000000708200000, 0x0000000708200000, 0x0000000708400000|  0%| F|  |TAMS 0x0000000708200000| PB 0x0000000708200000| Untracked |  0
|  38|0x0000000708400000, 0x0000000708400000, 0x0000000708600000|  0%| F|  |TAMS 0x0000000708400000| PB 0x0000000708400000| Untracked |  0
|  39|0x0000000708600000, 0x0000000708600000, 0x0000000708800000|  0%| F|  |TAMS 0x0000000708600000| PB 0x0000000708600000| Untracked |  0
|  40|0x0000000708800000, 0x0000000708800000, 0x0000000708a00000|  0%| F|  |TAMS 0x0000000708800000| PB 0x0000000708800000| Untracked |  0
|  41|0x0000000708a00000, 0x0000000708a00000, 0x0000000708c00000|  0%| F|  |TAMS 0x0000000708a00000| PB 0x0000000708a00000| Untracked |  0
|  42|0x0000000708c00000, 0x0000000708c00000, 0x0000000708e00000|  0%| F|  |TAMS 0x0000000708c00000| PB 0x0000000708c00000| Untracked |  0
|  43|0x0000000708e00000, 0x0000000708e00000, 0x0000000709000000|  0%| F|  |TAMS 0x0000000708e00000| PB 0x0000000708e00000| Untracked |  0
|  44|0x0000000709000000, 0x0000000709000000, 0x0000000709200000|  0%| F|  |TAMS 0x0000000709000000| PB 0x0000000709000000| Untracked |  0
|  45|0x0000000709200000, 0x0000000709200000, 0x0000000709400000|  0%| F|  |TAMS 0x0000000709200000| PB 0x0000000709200000| Untracked |  0
|  46|0x0000000709400000, 0x0000000709400000, 0x0000000709600000|  0%| F|  |TAMS 0x0000000709400000| PB 0x0000000709400000| Untracked |  0
|  47|0x0000000709600000, 0x0000000709600000, 0x0000000709800000|  0%| F|  |TAMS 0x0000000709600000| PB 0x0000000709600000| Untracked |  0
|  48|0x0000000709800000, 0x0000000709800000, 0x0000000709a00000|  0%| F|  |TAMS 0x0000000709800000| PB 0x0000000709800000| Untracked |  0
|  49|0x0000000709a00000, 0x0000000709a00000, 0x0000000709c00000|  0%| F|  |TAMS 0x0000000709a00000| PB 0x0000000709a00000| Untracked |  0
|  50|0x0000000709c00000, 0x0000000709c00000, 0x0000000709e00000|  0%| F|  |TAMS 0x0000000709c00000| PB 0x0000000709c00000| Untracked |  0
|  51|0x0000000709e00000, 0x0000000709e00000, 0x000000070a000000|  0%| F|  |TAMS 0x0000000709e00000| PB 0x0000000709e00000| Untracked |  0
|  52|0x000000070a000000, 0x000000070a000000, 0x000000070a200000|  0%| F|  |TAMS 0x000000070a000000| PB 0x000000070a000000| Untracked |  0
|  53|0x000000070a200000, 0x000000070a200000, 0x000000070a400000|  0%| F|  |TAMS 0x000000070a200000| PB 0x000000070a200000| Untracked |  0
|  54|0x000000070a400000, 0x000000070a400000, 0x000000070a600000|  0%| F|  |TAMS 0x000000070a400000| PB 0x000000070a400000| Untracked |  0
|  55|0x000000070a600000, 0x000000070a600000, 0x000000070a800000|  0%| F|  |TAMS 0x000000070a600000| PB 0x000000070a600000| Untracked |  0
|  56|0x000000070a800000, 0x000000070a800000, 0x000000070aa00000|  0%| F|  |TAMS 0x000000070a800000| PB 0x000000070a800000| Untracked |  0
|  57|0x000000070aa00000, 0x000000070aa00000, 0x000000070ac00000|  0%| F|  |TAMS 0x000000070aa00000| PB 0x000000070aa00000| Untracked |  0
|  58|0x000000070ac00000, 0x000000070ac00000, 0x000000070ae00000|  0%| F|  |TAMS 0x000000070ac00000| PB 0x000000070ac00000| Untracked |  0
|  59|0x000000070ae00000, 0x000000070ae00000, 0x000000070b000000|  0%| F|  |TAMS 0x000000070ae00000| PB 0x000000070ae00000| Untracked |  0
|  60|0x000000070b000000, 0x000000070b000000, 0x000000070b200000|  0%| F|  |TAMS 0x000000070b000000| PB 0x000000070b000000| Untracked |  0
|  61|0x000000070b200000, 0x000000070b200000, 0x000000070b400000|  0%| F|  |TAMS 0x000000070b200000| PB 0x000000070b200000| Untracked |  0
|  62|0x000000070b400000, 0x000000070b400000, 0x000000070b600000|  0%| F|  |TAMS 0x000000070b400000| PB 0x000000070b400000| Untracked |  0
|  63|0x000000070b600000, 0x000000070b600000, 0x000000070b800000|  0%| F|  |TAMS 0x000000070b600000| PB 0x000000070b600000| Untracked |  0
|  64|0x000000070b800000, 0x000000070b800000, 0x000000070ba00000|  0%| F|  |TAMS 0x000000070b800000| PB 0x000000070b800000| Untracked |  0
|  65|0x000000070ba00000, 0x000000070ba00000, 0x000000070bc00000|  0%| F|  |TAMS 0x000000070ba00000| PB 0x000000070ba00000| Untracked |  0
|  66|0x000000070bc00000, 0x000000070bc00000, 0x000000070be00000|  0%| F|  |TAMS 0x000000070bc00000| PB 0x000000070bc00000| Untracked |  0
|  67|0x000000070be00000, 0x000000070be00000, 0x000000070c000000|  0%| F|  |TAMS 0x000000070be00000| PB 0x000000070be00000| Untracked |  0
|  68|0x000000070c000000, 0x000000070c000000, 0x000000070c200000|  0%| F|  |TAMS 0x000000070c000000| PB 0x000000070c000000| Untracked |  0
|  69|0x000000070c200000, 0x000000070c200000, 0x000000070c400000|  0%| F|  |TAMS 0x000000070c200000| PB 0x000000070c200000| Untracked |  0
|  70|0x000000070c400000, 0x000000070c400000, 0x000000070c600000|  0%| F|  |TAMS 0x000000070c400000| PB 0x000000070c400000| Untracked |  0
|  71|0x000000070c600000, 0x000000070c600000, 0x000000070c800000|  0%| F|  |TAMS 0x000000070c600000| PB 0x000000070c600000| Untracked |  0
|  72|0x000000070c800000, 0x000000070c800000, 0x000000070ca00000|  0%| F|  |TAMS 0x000000070c800000| PB 0x000000070c800000| Untracked |  0
|  73|0x000000070ca00000, 0x000000070ca00000, 0x000000070cc00000|  0%| F|  |TAMS 0x000000070ca00000| PB 0x000000070ca00000| Untracked |  0
|  74|0x000000070cc00000, 0x000000070cc00000, 0x000000070ce00000|  0%| F|  |TAMS 0x000000070cc00000| PB 0x000000070cc00000| Untracked |  0
|  75|0x000000070ce00000, 0x000000070ce00000, 0x000000070d000000|  0%| F|  |TAMS 0x000000070ce00000| PB 0x000000070ce00000| Untracked |  0
|  76|0x000000070d000000, 0x000000070d000000, 0x000000070d200000|  0%| F|  |TAMS 0x000000070d000000| PB 0x000000070d000000| Untracked |  0
|  77|0x000000070d200000, 0x000000070d200000, 0x000000070d400000|  0%| F|  |TAMS 0x000000070d200000| PB 0x000000070d200000| Untracked |  0
|  78|0x000000070d400000, 0x000000070d400000, 0x000000070d600000|  0%| F|  |TAMS 0x000000070d400000| PB 0x000000070d400000| Untracked |  0
|  79|0x000000070d600000, 0x000000070d600000, 0x000000070d800000|  0%| F|  |TAMS 0x000000070d600000| PB 0x000000070d600000| Untracked |  0
|  80|0x000000070d800000, 0x000000070d800000, 0x000000070da00000|  0%| F|  |TAMS 0x000000070d800000| PB 0x000000070d800000| Untracked |  0
|  81|0x000000070da00000, 0x000000070da00000, 0x000000070dc00000|  0%| F|  |TAMS 0x000000070da00000| PB 0x000000070da00000| Untracked |  0
|  82|0x000000070dc00000, 0x000000070dc00000, 0x000000070de00000|  0%| F|  |TAMS 0x000000070dc00000| PB 0x000000070dc00000| Untracked |  0
|  83|0x000000070de00000, 0x000000070de00000, 0x000000070e000000|  0%| F|  |TAMS 0x000000070de00000| PB 0x000000070de00000| Untracked |  0
|  84|0x000000070e000000, 0x000000070e000000, 0x000000070e200000|  0%| F|  |TAMS 0x000000070e000000| PB 0x000000070e000000| Untracked |  0
|  85|0x000000070e200000, 0x000000070e200000, 0x000000070e400000|  0%| F|  |TAMS 0x000000070e200000| PB 0x000000070e200000| Untracked |  0
|  86|0x000000070e400000, 0x000000070e400000, 0x000000070e600000|  0%| F|  |TAMS 0x000000070e400000| PB 0x000000070e400000| Untracked |  0
|  87|0x000000070e600000, 0x000000070e600000, 0x000000070e800000|  0%| F|  |TAMS 0x000000070e600000| PB 0x000000070e600000| Untracked |  0
|  88|0x000000070e800000, 0x000000070e800000, 0x000000070ea00000|  0%| F|  |TAMS 0x000000070e800000| PB 0x000000070e800000| Untracked |  0
|  89|0x000000070ea00000, 0x000000070ea00000, 0x000000070ec00000|  0%| F|  |TAMS 0x000000070ea00000| PB 0x000000070ea00000| Untracked |  0
|  90|0x000000070ec00000, 0x000000070ec00000, 0x000000070ee00000|  0%| F|  |TAMS 0x000000070ec00000| PB 0x000000070ec00000| Untracked |  0
|  91|0x000000070ee00000, 0x000000070ee00000, 0x000000070f000000|  0%| F|  |TAMS 0x000000070ee00000| PB 0x000000070ee00000| Untracked |  0
|  92|0x000000070f000000, 0x000000070f000000, 0x000000070f200000|  0%| F|  |TAMS 0x000000070f000000| PB 0x000000070f000000| Untracked |  0
|  93|0x000000070f200000, 0x000000070f200000, 0x000000070f400000|  0%| F|  |TAMS 0x000000070f200000| PB 0x000000070f200000| Untracked |  0
|  94|0x000000070f400000, 0x000000070f400000, 0x000000070f600000|  0%| F|  |TAMS 0x000000070f400000| PB 0x000000070f400000| Untracked |  0
|  95|0x000000070f600000, 0x000000070f600000, 0x000000070f800000|  0%| F|  |TAMS 0x000000070f600000| PB 0x000000070f600000| Untracked |  0
|  96|0x000000070f800000, 0x000000070f800000, 0x000000070fa00000|  0%| F|  |TAMS 0x000000070f800000| PB 0x000000070f800000| Untracked |  0
|  97|0x000000070fa00000, 0x000000070fa00000, 0x000000070fc00000|  0%| F|  |TAMS 0x000000070fa00000| PB 0x000000070fa00000| Untracked |  0
|  98|0x000000070fc00000, 0x000000070fc00000, 0x000000070fe00000|  0%| F|  |TAMS 0x000000070fc00000| PB 0x000000070fc00000| Untracked |  0
|  99|0x000000070fe00000, 0x000000070fe00000, 0x0000000710000000|  0%| F|  |TAMS 0x000000070fe00000| PB 0x000000070fe00000| Untracked |  0
| 100|0x0000000710000000, 0x0000000710000000, 0x0000000710200000|  0%| F|  |TAMS 0x0000000710000000| PB 0x0000000710000000| Untracked |  0
| 101|0x0000000710200000, 0x0000000710200000, 0x0000000710400000|  0%| F|  |TAMS 0x0000000710200000| PB 0x0000000710200000| Untracked |  0
| 102|0x0000000710400000, 0x0000000710400000, 0x0000000710600000|  0%| F|  |TAMS 0x0000000710400000| PB 0x0000000710400000| Untracked |  0
| 103|0x0000000710600000, 0x0000000710600000, 0x0000000710800000|  0%| F|  |TAMS 0x0000000710600000| PB 0x0000000710600000| Untracked |  0
| 104|0x0000000710800000, 0x0000000710800000, 0x0000000710a00000|  0%| F|  |TAMS 0x0000000710800000| PB 0x0000000710800000| Untracked |  0
| 105|0x0000000710a00000, 0x0000000710beb8f0, 0x0000000710c00000| 96%| E|  |TAMS 0x0000000710a00000| PB 0x0000000710a00000| Complete |  0
| 106|0x0000000710c00000, 0x0000000710e00000, 0x0000000710e00000|100%| E|CS|TAMS 0x0000000710c00000| PB 0x0000000710c00000| Complete |  0
| 107|0x0000000710e00000, 0x0000000711000000, 0x0000000711000000|100%| E|CS|TAMS 0x0000000710e00000| PB 0x0000000710e00000| Complete |  0
| 108|0x0000000711000000, 0x0000000711200000, 0x0000000711200000|100%| E|CS|TAMS 0x0000000711000000| PB 0x0000000711000000| Complete |  0
| 109|0x0000000711200000, 0x0000000711400000, 0x0000000711400000|100%| E|CS|TAMS 0x0000000711200000| PB 0x0000000711200000| Complete |  0
| 110|0x0000000711400000, 0x0000000711600000, 0x0000000711600000|100%| E|CS|TAMS 0x0000000711400000| PB 0x0000000711400000| Complete |  0
| 111|0x0000000711600000, 0x0000000711800000, 0x0000000711800000|100%| E|CS|TAMS 0x0000000711600000| PB 0x0000000711600000| Complete |  0
| 112|0x0000000711800000, 0x0000000711a00000, 0x0000000711a00000|100%| E|CS|TAMS 0x0000000711800000| PB 0x0000000711800000| Complete |  0
| 113|0x0000000711a00000, 0x0000000711c00000, 0x0000000711c00000|100%| E|CS|TAMS 0x0000000711a00000| PB 0x0000000711a00000| Complete |  0
| 114|0x0000000711c00000, 0x0000000711e00000, 0x0000000711e00000|100%| E|CS|TAMS 0x0000000711c00000| PB 0x0000000711c00000| Complete |  0
| 115|0x0000000711e00000, 0x0000000712000000, 0x0000000712000000|100%| E|CS|TAMS 0x0000000711e00000| PB 0x0000000711e00000| Complete |  0
| 116|0x0000000712000000, 0x0000000712200000, 0x0000000712200000|100%| E|CS|TAMS 0x0000000712000000| PB 0x0000000712000000| Complete |  0
| 117|0x0000000712200000, 0x0000000712400000, 0x0000000712400000|100%| E|CS|TAMS 0x0000000712200000| PB 0x0000000712200000| Complete |  0
| 118|0x0000000712400000, 0x0000000712600000, 0x0000000712600000|100%| E|CS|TAMS 0x0000000712400000| PB 0x0000000712400000| Complete |  0
| 119|0x0000000712600000, 0x0000000712800000, 0x0000000712800000|100%| E|CS|TAMS 0x0000000712600000| PB 0x0000000712600000| Complete |  0
| 120|0x0000000712800000, 0x0000000712a00000, 0x0000000712a00000|100%| E|CS|TAMS 0x0000000712800000| PB 0x0000000712800000| Complete |  0
| 121|0x0000000712a00000, 0x0000000712c00000, 0x0000000712c00000|100%| E|CS|TAMS 0x0000000712a00000| PB 0x0000000712a00000| Complete |  0
| 122|0x0000000712c00000, 0x0000000712e00000, 0x0000000712e00000|100%| E|CS|TAMS 0x0000000712c00000| PB 0x0000000712c00000| Complete |  0
| 123|0x0000000712e00000, 0x0000000713000000, 0x0000000713000000|100%| E|CS|TAMS 0x0000000712e00000| PB 0x0000000712e00000| Complete |  0
| 124|0x0000000713000000, 0x0000000713200000, 0x0000000713200000|100%| E|  |TAMS 0x0000000713000000| PB 0x0000000713000000| Complete |  0
| 125|0x0000000713200000, 0x0000000713400000, 0x0000000713400000|100%| E|CS|TAMS 0x0000000713200000| PB 0x0000000713200000| Complete |  0
| 126|0x0000000713400000, 0x0000000713600000, 0x0000000713600000|100%| E|CS|TAMS 0x0000000713400000| PB 0x0000000713400000| Complete |  0
|2019|0x00000007ffe00000, 0x00000007fff1d248, 0x0000000800000000| 55%| O|  |TAMS 0x00000007ffe00000| PB 0x00000007ffe00000| Untracked |  0

Card table byte_map: [0x00000219cf1f0000,0x00000219cf9e0000] _byte_map_base: 0x00000219cb9d4000

Marking Bits: (CMBitMap*) 0x00000219c1f1c100
 Bits: [0x00000219cf9e0000, 0x00000219d3900000)

Polling page: 0x00000219c0320000

Metaspace:

Usage:
  Non-class:      6.18 MB used.
      Class:    795.86 KB used.
       Both:      6.96 MB used.

Virtual space:
  Non-class space:       64.00 MB reserved,       6.38 MB ( 10%) committed,  1 nodes.
      Class space:        1.00 GB reserved,     960.00 KB ( <1%) committed,  1 nodes.
             Both:        1.06 GB reserved,       7.31 MB ( <1%) committed. 

Chunk freelists:
   Non-Class:  8.92 MB
       Class:  15.04 MB
        Both:  23.96 MB

MaxMetaspaceSize: unlimited
CompressedClassSpaceSize: 1.00 GB
Initial GC threshold: 21.00 MB
Current GC threshold: 21.00 MB
CDS: on
 - commit_granule_bytes: 65536.
 - commit_granule_words: 8192.
 - virtual_space_node_default_size: 8388608.
 - enlarge_chunks_in_place: 1.
UseCompressedClassPointers 1, UseCompactObjectHeaders 0
Narrow klass pointer bits 32, Max shift 3
Narrow klass base: 0x00000219d7000000, Narrow klass shift: 0
Encoding Range: [0x00000219d7000000 - 0x0000021ad7000000), (4294967296 bytes)
Klass Range:    [0x00000219d7000000 - 0x0000021a18000000), (1090519040 bytes)
Klass ID Range:  [8 - 1090519033) (1090519025)


Internal statistics:

num_allocs_failed_limit: 0.
num_arena_births: 262.
num_arena_deaths: 0.
num_vsnodes_births: 2.
num_vsnodes_deaths: 0.
num_space_committed: 117.
num_space_uncommitted: 0.
num_chunks_returned_to_freelist: 0.
num_chunks_taken_from_freelist: 356.
num_chunk_merges: 0.
num_chunk_splits: 197.
num_chunks_enlarged: 52.
num_inconsistent_stats: 0.

CodeCache: size=49152Kb used=5258Kb max_used=5258Kb free=43893Kb
 bounds [0x00000219cb390000, 0x00000219cb8c0000, 0x00000219ce390000]
 total_blobs=2594, nmethods=2110, adapters=407, full_count=0
Compilation: enabled, stopped_count=0, restarted_count=0

Compilation events (20 events):
Event: 1.706 Thread 0x00000219d633ab90 1906       1       sun.security.provider.SHA::implCompress0 (478 bytes)
Event: 1.708 Thread 0x00000219d633ab90 nmethod 1906 0x00000219cb877e88 code [0x00000219cb877fe0, 0x00000219cb878580]
Event: 1.716 Thread 0x00000219d633ab90 1907       1       java.lang.StringCoding::hasNegatives (16 bytes)
Event: 1.717 Thread 0x00000219d633ab90 nmethod 1907 0x00000219cb878608 code [0x00000219cb878720, 0x00000219cb878838]
Event: 1.717 Thread 0x00000219d633ab90 1908       1       sun.nio.fs.WindowsPath::<init> (26 bytes)
Event: 1.717 Thread 0x00000219d633ab90 nmethod 1908 0x00000219cb878908 code [0x00000219cb878a20, 0x00000219cb878c70]
Event: 1.718 Thread 0x0000021a1d1f7ab0 1909       1       sun.nio.fs.WindowsPath::toString (5 bytes)
Event: 1.718 Thread 0x0000021a1d1f7ab0 nmethod 1909 0x00000219cb878d08 code [0x00000219cb878e00, 0x00000219cb878ec8]
Event: 1.718 Thread 0x0000021a1d1f7ab0 1910       1       sun.security.provider.SHA::implCompress (13 bytes)
Event: 1.718 Thread 0x00000219d6448a30 1911       1       sun.security.provider.SHA::implCompressCheck (18 bytes)
Event: 1.718 Thread 0x00000219d644fa90 1912       1       sun.security.provider.ByteArrayAccess::b2iBig64 (231 bytes)
Event: 1.719 Thread 0x00000219d633ab90 1913       1       sun.nio.fs.WindowsFileAttributes::isReparsePoint (14 bytes)
Event: 1.719 Thread 0x00000219d6448a30 nmethod 1911 0x00000219cb879008 code [0x00000219cb879140, 0x00000219cb879330]
Event: 1.719 Thread 0x0000021a1d1f7ab0 nmethod 1910 0x00000219cb879388 code [0x00000219cb8794c0, 0x00000219cb8796e8]
Event: 1.719 Thread 0x00000219d633ab90 nmethod 1913 0x00000219cb879788 code [0x00000219cb879880, 0x00000219cb879938]
Event: 1.720 Thread 0x00000219d633ab90 1915       1       java.nio.file.Files$AcceptAllFilter::accept (2 bytes)
Event: 1.720 Thread 0x0000021a1d1f7ab0 1916       1       sun.security.provider.DigestBase::engineUpdate (176 bytes)
Event: 1.720 Thread 0x00000219d633ab90 nmethod 1915 0x00000219cb879e88 code [0x00000219cb879f80, 0x00000219cb87a048]
Event: 1.720 Thread 0x00000219d633ab90 1917       1       java.security.MessageDigest::update (14 bytes)
Event: 1.720 Thread 0x00000219d6448a30 1918       1       java.security.MessageDigest$Delegate::engineUpdate (11 bytes)

GC Heap History (0 events):
No events

Dll operation events (11 events):
Event: 0.056 Loaded shared library C:\Program Files\Java\jdk-24\bin\java.dll
Event: 0.337 Loaded shared library C:\Program Files\Java\jdk-24\bin\zip.dll
Event: 0.345 Loaded shared library C:\Program Files\Java\jdk-24\bin\instrument.dll
Event: 0.356 Loaded shared library C:\Program Files\Java\jdk-24\bin\net.dll
Event: 0.359 Loaded shared library C:\Program Files\Java\jdk-24\bin\nio.dll
Event: 0.366 Loaded shared library C:\Program Files\Java\jdk-24\bin\zip.dll
Event: 0.583 Loaded shared library C:\Program Files\JetBrains\IntelliJ IDEA 2023.1\bin\breakgen64.dll
Event: 0.611 Loaded shared library C:\Program Files\Java\jdk-24\bin\extnet.dll
Event: 0.744 Loaded shared library C:\Program Files\Java\jdk-24\bin\jimage.dll
Event: 1.237 Loaded shared library C:\Program Files\Java\jdk-24\bin\management.dll
Event: 1.273 Loaded shared library C:\Program Files\Java\jdk-24\bin\management_ext.dll

Deoptimization events (2 events):
Event: 1.434 Thread 0x00000219c204a490 DEOPT PACKING pc=0x00000219cb6dabfc sp=0x00000032e11fbeb0
Event: 1.434 Thread 0x00000219c204a490 DEOPT UNPACKING pc=0x00000219cb3e5722 sp=0x00000032e11fb3c8 mode 0

Classes loaded (20 events):
Event: 1.698 Loading class sun/security/jca/GetInstance
Event: 1.699 Loading class sun/security/jca/GetInstance done
Event: 1.699 Loading class sun/security/provider/SHA
Event: 1.699 Loading class sun/security/provider/DigestBase
Event: 1.699 Loading class sun/security/provider/DigestBase done
Event: 1.699 Loading class sun/security/provider/SHA done
Event: 1.700 Loading class sun/security/jca/GetInstance$Instance
Event: 1.700 Loading class sun/security/jca/GetInstance$Instance done
Event: 1.700 Loading class java/security/MessageDigest$Delegate
Event: 1.700 Loading class sun/security/util/MessageDigestSpi2
Event: 1.700 Loading class sun/security/util/MessageDigestSpi2 done
Event: 1.700 Loading class java/security/MessageDigest$Delegate done
Event: 1.700 Loading class java/security/MessageDigest$Delegate$CloneableDelegate
Event: 1.700 Loading class java/security/MessageDigest$Delegate$CloneableDelegate done
Event: 1.701 Loading class sun/security/provider/ByteArrayAccess
Event: 1.701 Loading class sun/security/provider/ByteArrayAccess done
Event: 1.701 Loading class sun/security/provider/ByteArrayAccess$BE
Event: 1.701 Loading class sun/security/provider/ByteArrayAccess$BE done
Event: 1.714 Loading class java/net/NetworkInterface$1
Event: 1.714 Loading class java/net/NetworkInterface$1 done

Classes unloaded (0 events):
No events

Classes redefined (15 events):
Event: 1.571 Thread 0x00000219c202afc0 redefined class name=jdk.internal.event.VirtualThreadSubmitFailedEvent, count=1
Event: 1.571 Thread 0x00000219c202afc0 redefined class name=jdk.internal.event.ThreadSleepEvent, count=1
Event: 1.571 Thread 0x00000219c202afc0 redefined class name=jdk.internal.event.SocketWriteEvent, count=1
Event: 1.571 Thread 0x00000219c202afc0 redefined class name=jdk.internal.event.SerializationMisdeclarationEvent, count=1
Event: 1.571 Thread 0x00000219c202afc0 redefined class name=jdk.internal.event.ProcessStartEvent, count=1
Event: 1.571 Thread 0x00000219c202afc0 redefined class name=jdk.internal.event.FileWriteEvent, count=1
Event: 1.571 Thread 0x00000219c202afc0 redefined class name=jdk.internal.event.FileReadEvent, count=1
Event: 1.571 Thread 0x00000219c202afc0 redefined class name=jdk.internal.event.FileForceEvent, count=1
Event: 1.571 Thread 0x00000219c202afc0 redefined class name=jdk.internal.event.ExceptionStatisticsEvent, count=1
Event: 1.571 Thread 0x00000219c202afc0 redefined class name=jdk.internal.event.ErrorThrownEvent, count=1
Event: 1.572 Thread 0x00000219c202afc0 redefined class name=jdk.internal.event.SocketReadEvent, count=1
Event: 1.572 Thread 0x00000219c202afc0 redefined class name=jdk.jfr.events.InitialSecurityPropertyEvent, count=1
Event: 1.572 Thread 0x00000219c202afc0 redefined class name=jdk.jfr.events.DirectBufferStatisticsEvent, count=1
Event: 1.572 Thread 0x00000219c202afc0 redefined class name=jdk.jfr.events.ActiveRecordingEvent, count=1
Event: 1.572 Thread 0x00000219c202afc0 redefined class name=jdk.jfr.events.ActiveSettingEvent, count=1

Internal exceptions (20 events):
Event: 1.305 Thread 0x00000219c1eb2150 Exception <a 'sun/nio/fs/WindowsException'{0x0000000711e47310}> (0x0000000711e47310) 
thrown [s\open\src\hotspot\share\prims\jni.cpp, line 518]
Event: 1.314 Thread 0x00000219c1eb2150 Exception <a 'sun/nio/fs/WindowsException'{0x0000000711e59108}> (0x0000000711e59108) 
thrown [s\open\src\hotspot\share\prims\jni.cpp, line 518]
Event: 1.401 Thread 0x00000219c1eb2150 Exception <a 'java/lang/NoSuchMethodError'{0x0000000711b7c250}: 'java.lang.Object java.lang.invoke.DirectMethodHandle$Holder.invokeStaticInit(java.lang.Object, java.lang.Object, java.lang.Object, java.lang.Object, java.lang.Object, java.lang.Object, java.lang.Object)'> (0x0000000711b7c250) 
thrown [s\open\src\hotspot\share\interpreter\linkResolver.cpp, line 805]
Event: 1.404 Thread 0x00000219c1eb2150 Exception <a 'java/lang/NoSuchMethodError'{0x0000000711b97948}: 'int java.lang.invoke.DirectMethodHandle$Holder.invokeStaticInit(java.lang.Object, java.lang.Object, java.lang.Object)'> (0x0000000711b97948) 
thrown [s\open\src\hotspot\share\interpreter\linkResolver.cpp, line 805]
Event: 1.405 Thread 0x00000219c1eb2150 Exception <a 'java/lang/NoSuchMethodError'{0x0000000711b9fb90}: 'int java.lang.invoke.DirectMethodHandle$Holder.invokeStaticInit(java.lang.Object, int, int)'> (0x0000000711b9fb90) 
thrown [s\open\src\hotspot\share\interpreter\linkResolver.cpp, line 805]
Event: 1.406 Thread 0x00000219c1eb2150 Exception <a 'java/lang/NoSuchMethodError'{0x0000000711bb01a0}: 'int java.lang.invoke.DirectMethodHandle$Holder.invokeStaticInit(java.lang.Object, long, long)'> (0x0000000711bb01a0) 
thrown [s\open\src\hotspot\share\interpreter\linkResolver.cpp, line 805]
Event: 1.408 Thread 0x00000219c1eb2150 Exception <a 'java/lang/NoSuchMethodError'{0x0000000711bc0198}: 'int java.lang.invoke.DirectMethodHandle$Holder.invokeStaticInit(java.lang.Object, float, float)'> (0x0000000711bc0198) 
thrown [s\open\src\hotspot\share\interpreter\linkResolver.cpp, line 805]
Event: 1.410 Thread 0x00000219c1eb2150 Exception <a 'java/lang/NoSuchMethodError'{0x0000000711bd0188}: 'int java.lang.invoke.DirectMethodHandle$Holder.invokeStaticInit(java.lang.Object, double, double)'> (0x0000000711bd0188) 
thrown [s\open\src\hotspot\share\interpreter\linkResolver.cpp, line 805]
Event: 1.411 Thread 0x00000219c1eb2150 Exception <a 'java/lang/NoSuchMethodError'{0x0000000711bd93c0}: 'int java.lang.invoke.DirectMethodHandle$Holder.invokeStatic(java.lang.Object, long)'> (0x0000000711bd93c0) 
thrown [s\open\src\hotspot\share\interpreter\linkResolver.cpp, line 805]
Event: 1.415 Thread 0x00000219c1eb2150 Exception <a 'java/lang/NoSuchMethodError'{0x0000000711bf3fd8}: 'java.lang.Object java.lang.invoke.DirectMethodHandle$Holder.invokeStatic(java.lang.Object, long)'> (0x0000000711bf3fd8) 
thrown [s\open\src\hotspot\share\interpreter\linkResolver.cpp, line 805]
Event: 1.416 Thread 0x00000219c1eb2150 Exception <a 'java/lang/NoSuchMethodError'{0x0000000711bfc5b0}: 'java.lang.Object java.lang.invoke.DirectMethodHandle$Holder.invokeStatic(java.lang.Object, float)'> (0x0000000711bfc5b0) 
thrown [s\open\src\hotspot\share\interpreter\linkResolver.cpp, line 805]
Event: 1.422 Thread 0x00000219c1eb2150 Exception <a 'java/lang/NoSuchMethodError'{0x0000000711837158}: 'int java.lang.invoke.Invokers$Holder.linkToTargetMethod(java.lang.Object, java.lang.Object)'> (0x0000000711837158) 
thrown [s\open\src\hotspot\share\interpreter\linkResolver.cpp, line 805]
Event: 1.431 Thread 0x00000219c1eb2150 Exception <a 'java/lang/NoSuchMethodError'{0x0000000711887da0}: 'int java.lang.invoke.DirectMethodHandle$Holder.invokeSpecial(java.lang.Object, java.lang.Object, java.lang.Object, java.lang.Object)'> (0x0000000711887da0) 
thrown [s\open\src\hotspot\share\interpreter\linkResolver.cpp, line 805]
Event: 1.440 Thread 0x00000219c1eb2150 Exception <a 'java/lang/NoSuchMethodError'{0x00000007118c4e58}: 'java.lang.Object java.lang.invoke.DirectMethodHandle$Holder.invokeSpecial(java.lang.Object, java.lang.Object, int, java.lang.Object, java.lang.Object)'> (0x00000007118c4e58) 
thrown [s\open\src\hotspot\share\interpreter\linkResolver.cpp, line 805]
Event: 1.440 Thread 0x00000219c1eb2150 Exception <a 'java/lang/NoSuchMethodError'{0x00000007118ccf90}: 'java.lang.Object java.lang.invoke.DelegatingMethodHandle$Holder.delegate(java.lang.Object, int, java.lang.Object, java.lang.Object)'> (0x00000007118ccf90) 
thrown [s\open\src\hotspot\share\interpreter\linkResolver.cpp, line 805]
Event: 1.447 Thread 0x00000219c1eb2150 Exception <a 'java/lang/NoSuchMethodError'{0x00000007118f71c0}: 'java.lang.Object java.lang.invoke.DirectMethodHandle$Holder.invokeStatic(java.lang.Object, java.lang.Object, java.lang.Object, java.lang.Object, java.lang.Object, java.lang.Object, java.lang.Object, java.lang.Object)'> (0x00000007118f71c0) 
thrown [s\open\src\hotspot\share\interpreter\linkResolver.cpp, line 805]
Event: 1.450 Thread 0x00000219c1eb2150 Exception <a 'java/lang/NoSuchMethodError'{0x00000007116014f0}: 'int java.lang.invoke.Invokers$Holder.linkToTargetMethod(java.lang.Object, java.lang.Object, java.lang.Object)'> (0x00000007116014f0) 
thrown [s\open\src\hotspot\share\interpreter\linkResolver.cpp, line 805]
Event: 1.454 Thread 0x00000219c1eb2150 Exception <a 'java/lang/NoSuchMethodError'{0x0000000711611e30}: 'void java.lang.invoke.DirectMethodHandle$Holder.invokeSpecial(java.lang.Object, java.lang.Object, java.lang.Object, java.lang.Object, java.lang.Object)'> (0x0000000711611e30) 
thrown [s\open\src\hotspot\share\interpreter\linkResolver.cpp, line 805]
Event: 1.480 Thread 0x00000219c1eb2150 Exception <a 'java/lang/NoSuchMethodError'{0x0000000711648378}: 'java.lang.Object java.lang.invoke.DirectMethodHandle$Holder.invokeInterface(java.lang.Object, java.lang.Object)'> (0x0000000711648378) 
thrown [s\open\src\hotspot\share\interpreter\linkResolver.cpp, line 805]
Event: 1.684 Thread 0x00000219c204a490 Exception <a 'java/lang/NoSuchMethodError'{0x0000000711310a48}: 'java.lang.Object java.lang.invoke.DirectMethodHandle$Holder.invokeStaticInit(java.lang.Object, int, int, int, int)'> (0x0000000711310a48) 
thrown [s\open\src\hotspot\share\interpreter\linkResolver.cpp, line 805]

VM Operations (20 events):
Event: 1.380 Executing VM operation: HandshakeAllThreads (Deoptimize)
Event: 1.380 Executing VM operation: HandshakeAllThreads (Deoptimize) done
Event: 1.386 Executing VM operation: HandshakeAllThreads (Deoptimize)
Event: 1.387 Executing VM operation: HandshakeAllThreads (Deoptimize) done
Event: 1.390 Executing VM operation: HandshakeAllThreads (Deoptimize)
Event: 1.390 Executing VM operation: HandshakeAllThreads (Deoptimize) done
Event: 1.433 Executing VM operation: HandshakeAllThreads (Deoptimize)
Event: 1.434 Executing VM operation: HandshakeAllThreads (Deoptimize) done
Event: 1.459 Executing VM operation: HandshakeAllThreads (Deoptimize)
Event: 1.459 Executing VM operation: HandshakeAllThreads (Deoptimize) done
Event: 1.468 Executing VM operation: HandshakeAllThreads (Deoptimize)
Event: 1.469 Executing VM operation: HandshakeAllThreads (Deoptimize) done
Event: 1.503 Executing VM operation: HandshakeAllThreads (Deoptimize)
Event: 1.503 Executing VM operation: HandshakeAllThreads (Deoptimize) done
Event: 1.568 Executing VM operation: RedefineClasses
Event: 1.579 Executing VM operation: RedefineClasses done
Event: 1.587 Executing VM operation: HandshakeAllThreads (Deoptimize)
Event: 1.587 Executing VM operation: HandshakeAllThreads (Deoptimize) done
Event: 1.589 Executing VM operation: ClassLoaderStatsOperation
Event: 1.589 Executing VM operation: ClassLoaderStatsOperation done

Memory protections (0 events):
No events

Nmethod flushes (0 events):
No events

Events (15 events):
Event: 0.086 Thread 0x00000219c1eb2150 Thread added: 0x00000219c1eb2150
Event: 0.112 Thread 0x00000219c1eb2150 Thread added: 0x00000219c203d050
Event: 0.112 Thread 0x00000219c1eb2150 Thread added: 0x00000219c203d990
Event: 0.113 Thread 0x00000219c1eb2150 Thread added: 0x00000219c2047950
Event: 0.113 Thread 0x00000219c1eb2150 Thread added: 0x00000219c204a490
Event: 0.113 Thread 0x00000219c1eb2150 Thread added: 0x00000219c204afc0
Event: 0.113 Thread 0x00000219c1eb2150 Thread added: 0x00000219d6332050
Event: 0.114 Thread 0x00000219c1eb2150 Thread added: 0x00000219d633ab90
Event: 0.309 Thread 0x00000219d633ab90 Thread added: 0x00000219d6448a30
Event: 0.315 Thread 0x00000219d6448a30 Thread added: 0x00000219d644fa90
Event: 0.351 Thread 0x00000219c1eb2150 Thread added: 0x00000219d64a27c0
Event: 0.584 Thread 0x00000219c1eb2150 Thread added: 0x00000219d68be9b0
Event: 0.786 Thread 0x00000219c1eb2150 Thread added: 0x00000219d6a0f400
Event: 1.176 Thread 0x00000219d633ab90 Thread added: 0x0000021a1d1f7ab0
Event: 1.290 Thread 0x00000219c1eb2150 Thread added: 0x0000021a1d266c40


Dynamic libraries:
0x00007ff6d16e0000 - 0x00007ff6d16f0000 	C:\Program Files\Java\jdk-24\bin\java.exe
0x00007ff99c5a0000 - 0x00007ff99c807000 	C:\WINDOWS\SYSTEM32\ntdll.dll
0x00007ff99aa60000 - 0x00007ff99ab2b000 	C:\WINDOWS\System32\KERNEL32.DLL
0x00007ff999cf0000 - 0x00007ff99a0f2000 	C:\WINDOWS\System32\KERNELBASE.dll
0x00007ff999860000 - 0x00007ff9999ac000 	C:\WINDOWS\System32\ucrtbase.dll
0x00007ff917360000 - 0x00007ff91737b000 	C:\Program Files\Java\jdk-24\bin\VCRUNTIME140.dll
0x00007ff917380000 - 0x00007ff917396000 	C:\Program Files\Java\jdk-24\bin\jli.dll
0x00007ff99b750000 - 0x00007ff99b91f000 	C:\WINDOWS\System32\USER32.dll
0x00007ff97bb50000 - 0x00007ff97bde0000 	C:\WINDOWS\WinSxS\amd64_microsoft.windows.common-controls_6595b64144ccf1df_6.0.26100.9278_none_3e0d1ba8e3303201\COMCTL32.dll
0x00007ff999c00000 - 0x00007ff999c27000 	C:\WINDOWS\System32\win32u.dll
0x00007ff99a980000 - 0x00007ff99aa29000 	C:\WINDOWS\System32\msvcrt.dll
0x00007ff99aa30000 - 0x00007ff99aa5b000 	C:\WINDOWS\System32\GDI32.dll
0x00007ff99a190000 - 0x00007ff99a2b9000 	C:\WINDOWS\System32\gdi32full.dll
0x00007ff9999c0000 - 0x00007ff999a63000 	C:\WINDOWS\System32\msvcp_win.dll
0x00007ff99a8b0000 - 0x00007ff99a8e1000 	C:\WINDOWS\System32\IMM32.DLL
0x00007ff917350000 - 0x00007ff91735c000 	C:\Program Files\Java\jdk-24\bin\vcruntime140_1.dll
0x00007ff9172c0000 - 0x00007ff91734e000 	C:\Program Files\Java\jdk-24\bin\msvcp140.dll
0x00007ff90b710000 - 0x00007ff90c4b1000 	C:\Program Files\Java\jdk-24\bin\server\jvm.dll
0x00007ff99b390000 - 0x00007ff99b44c000 	C:\WINDOWS\System32\ADVAPI32.dll
0x00007ff99b570000 - 0x00007ff99b619000 	C:\WINDOWS\System32\sechost.dll
0x00007ff99a790000 - 0x00007ff99a8a8000 	C:\WINDOWS\System32\RPCRT4.dll
0x00007ff99bd30000 - 0x00007ff99bdb0000 	C:\WINDOWS\System32\WS2_32.dll
0x00007ff999600000 - 0x00007ff99965e000 	C:\WINDOWS\SYSTEM32\POWRPROF.dll
0x00007ff981fa0000 - 0x00007ff981fd6000 	C:\WINDOWS\SYSTEM32\WINMM.dll
0x00007ff98c060000 - 0x00007ff98c06b000 	C:\WINDOWS\SYSTEM32\VERSION.dll
0x00007ff9995e0000 - 0x00007ff9995f5000 	C:\WINDOWS\SYSTEM32\UMPDC.dll
0x00007ff998430000 - 0x00007ff99844b000 	C:\WINDOWS\SYSTEM32\kernel.appcore.dll
0x00007ff9172b0000 - 0x00007ff9172ba000 	C:\Program Files\Java\jdk-24\bin\jimage.dll
0x00007ff996bd0000 - 0x00007ff996e1c000 	C:\WINDOWS\SYSTEM32\DBGHELP.DLL
0x00007ff99a3f0000 - 0x00007ff99a775000 	C:\WINDOWS\System32\combase.dll
0x00007ff99b620000 - 0x00007ff99b6f9000 	C:\WINDOWS\System32\OLEAUT32.dll
0x00007ff97cf80000 - 0x00007ff97cfbb000 	C:\WINDOWS\SYSTEM32\dbgcore.DLL
0x00007ff999c30000 - 0x00007ff999cdc000 	C:\WINDOWS\System32\bcryptPrimitives.dll
0x00007ff967f00000 - 0x00007ff967f0f000 	C:\Program Files\Java\jdk-24\bin\instrument.dll
0x00007ff917290000 - 0x00007ff9172ae000 	C:\Program Files\Java\jdk-24\bin\java.dll
0x00007ff99bb90000 - 0x00007ff99bd2a000 	C:\WINDOWS\System32\ole32.dll
0x00007ff99abf0000 - 0x00007ff99b388000 	C:\WINDOWS\System32\SHELL32.dll
0x00007ff931160000 - 0x00007ff9313b4000 	C:\Users\RUPHIN\AppData\Local\Temp\libasyncProfiler.dll
0x00007ff9971b0000 - 0x00007ff997a5e000 	C:\WINDOWS\SYSTEM32\windows.storage.dll
0x00007ff99b930000 - 0x00007ff99ba2b000 	C:\WINDOWS\System32\SHCORE.dll
0x00007ff99a2c0000 - 0x00007ff99a326000 	C:\WINDOWS\System32\shlwapi.dll
0x00007ff9996c0000 - 0x00007ff9996e9000 	C:\WINDOWS\SYSTEM32\profapi.dll
0x00007ff91c970000 - 0x00007ff91c987000 	C:\Program Files\Java\jdk-24\bin\zip.dll
0x00007ff91c990000 - 0x00007ff91c9a0000 	C:\Program Files\Java\jdk-24\bin\net.dll
0x00007ff9989d0000 - 0x00007ff998a3c000 	C:\WINDOWS\system32\mswsock.dll
0x00007ff91c930000 - 0x00007ff91c946000 	C:\Program Files\Java\jdk-24\bin\nio.dll
0x00007ff993b50000 - 0x00007ff993b6a000 	C:\Program Files\JetBrains\IntelliJ IDEA 2023.1\bin\breakgen64.dll
0x00007ff91c960000 - 0x00007ff91c969000 	C:\Program Files\Java\jdk-24\bin\extnet.dll
0x00007ff997e10000 - 0x00007ff997f68000 	C:\WINDOWS\SYSTEM32\DNSAPI.dll
0x00007ff9987f0000 - 0x00007ff9987fd000 	C:\WINDOWS\SYSTEM32\DSPARSE.dll
0x00007ff997dd0000 - 0x00007ff997e03000 	C:\WINDOWS\SYSTEM32\IPHLPAPI.DLL
0x00007ff99abc0000 - 0x00007ff99abca000 	C:\WINDOWS\System32\NSI.dll
0x00007ff98bbd0000 - 0x00007ff98bbdb000 	C:\Windows\System32\rasadhlp.dll
0x00007ff992610000 - 0x00007ff992696000 	C:\WINDOWS\System32\fwpuclnt.dll
0x00007ff936370000 - 0x00007ff93637a000 	C:\Program Files\Java\jdk-24\bin\management.dll
0x00007ff935c90000 - 0x00007ff935c9b000 	C:\Program Files\Java\jdk-24\bin\management_ext.dll
0x00007ff99a780000 - 0x00007ff99a788000 	C:\WINDOWS\System32\PSAPI.DLL
0x00007ff998df0000 - 0x00007ff998e0b000 	C:\WINDOWS\SYSTEM32\CRYPTSP.dll
0x00007ff998390000 - 0x00007ff9983c9000 	C:\WINDOWS\system32\rsaenh.dll
0x00007ff998a80000 - 0x00007ff998ab4000 	C:\WINDOWS\SYSTEM32\USERENV.dll
0x00007ff999690000 - 0x00007ff9996ba000 	C:\WINDOWS\SYSTEM32\bcrypt.dll
0x00007ff998c30000 - 0x00007ff998c3c000 	C:\WINDOWS\SYSTEM32\CRYPTBASE.dll
0x00007ff974fe0000 - 0x00007ff974ff8000 	C:\WINDOWS\system32\napinsp.dll
0x00007ff974fc0000 - 0x00007ff974fd3000 	C:\WINDOWS\System32\winrnr.dll
0x00007ff974f90000 - 0x00007ff974fb7000 	C:\WINDOWS\system32\nlansp_c.dll
0x00007ff989ec0000 - 0x00007ff989ed6000 	C:\WINDOWS\system32\wshbth.dll
0x00007ff9776b0000 - 0x00007ff977708000 	C:\WINDOWS\SYSTEM32\pdh.dll

JVMTI agents:
C:\Program Files\JetBrains\IntelliJ IDEA 2023.1\lib\idea_rt.jar path:C:\Program Files\Java\jdk-24\bin\instrument.dll, loaded, initialized, instrumentlib options:8588:C:\Program Files\JetBrains\IntelliJ IDEA 2023.1\bin
C:\Users\RUPHIN\AppData\Local\Temp\libasyncProfiler.dll path:C:\Users\RUPHIN\AppData\Local\Temp\libasyncProfiler.dll, loaded, initialized, options:start,jfr,event=cpu,interval=10ms,jfrsync=profile,cstack=no,file=C:\Users\RUPHIN\IdeaSnapshots\SubgetBackendApplication_2026_09_09_152656.jfr,log=C:\Users\RUPHIN\AppData\Local\Temp\SubgetBackendApplication_2026_09_09_152656.jfr.log.txt,logLevel=DEBUG

dbghelp: loaded successfully - version: 4.0.5 - missing functions: none
symbol engine: initialized successfully - sym options: 0x614 - pdb path: .;C:\Program Files\Java\jdk-24\bin;C:\WINDOWS\SYSTEM32;C:\WINDOWS\WinSxS\amd64_microsoft.windows.common-controls_6595b64144ccf1df_6.0.26100.9278_none_3e0d1ba8e3303201;C:\Program Files\Java\jdk-24\bin\server;C:\Users\RUPHIN\AppData\Local\Temp;C:\Program Files\JetBrains\IntelliJ IDEA 2023.1\bin

VM Arguments:
jvm_args: -XX:TieredStopAtLevel=1 -Dspring.output.ansi.enabled=always -Dcom.sun.management.jmxremote -Dspring.jmx.enabled=true -Dspring.liveBeansView.mbeanDomain -Dspring.application.admin.enabled=true -Dmanagement.endpoints.jmx.exposure.include=* -javaagent:C:\Program Files\JetBrains\IntelliJ IDEA 2023.1\lib\idea_rt.jar=8588:C:\Program Files\JetBrains\IntelliJ IDEA 2023.1\bin -agentpath:C:\Users\RUPHIN\AppData\Local\Temp\libasyncProfiler.dll=start,jfr,event=cpu,interval=10ms,jfrsync=profile,cstack=no,file=C:\Users\RUPHIN\IdeaSnapshots\SubgetBackendApplication_2026_09_09_152656.jfr,log=C:\Users\RUPHIN\AppData\Local\Temp\SubgetBackendApplication_2026_09_09_152656.jfr.log.txt,logLevel=DEBUG -Dfile.encoding=UTF-8 -Dsun.stdout.encoding=UTF-8 -Dsun.stderr.encoding=UTF-8 
java_command: com.budget.subget_backend.SubgetBackendApplication
java_class_path (initial): E:\projet\subget_backend\target\classes;C:\Users\RUPHIN\.m2\repository\org\springframework\boot\spring-boot-starter-web\4.1.1\spring-boot-starter-web-4.1.1.jar;C:\Users\RUPHIN\.m2\repository\org\springframework\boot\spring-boot-starter-jackson\4.1.1\spring-boot-starter-jackson-4.1.1.jar;C:\Users\RUPHIN\.m2\repository\org\springframework\boot\spring-boot-jackson\4.1.1\spring-boot-jackson-4.1.1.jar;C:\Users\RUPHIN\.m2\repository\tools\jackson\core\jackson-databind\3.1.5\jackson-databind-3.1.5.jar;C:\Users\RUPHIN\.m2\repository\tools\jackson\core\jackson-core\3.1.5\jackson-core-3.1.5.jar;C:\Users\RUPHIN\.m2\repository\org\springframework\boot\spring-boot-starter-tomcat\4.1.1\spring-boot-starter-tomcat-4.1.1.jar;C:\Users\RUPHIN\.m2\repository\org\springframework\boot\spring-boot-starter-tomcat-runtime\4.1.1\spring-boot-starter-tomcat-runtime-4.1.1.jar;C:\Users\RUPHIN\.m2\repository\org\springframework\boot\spring-boot-web-server\4.1.1\spring-boot-web-server-4.1.1.jar;C:\Users\RUPHIN\.m2\repository\org\apache\tomcat\embed\tomcat-embed-core\11.0.24\tomcat-embed-core-11.0.24.jar;C:\Users\RUPHIN\.m2\repository\org\apache\tomcat\embed\tomcat-embed-websocket\11.0.24\tomcat-embed-websocket-11.0.24.jar;C:\Users\RUPHIN\.m2\repository\org\springframework\boot\spring-boot-tomcat\4.1.1\spring-boot-tomcat-4.1.1.jar;C:\Users\RUPHIN\.m2\repository\org\springframework\boot\spring-boot-http-converter\4.1.1\spring-boot-http-converter-4.1.1.jar;C:\Users\RUPHIN\.m2\repository\org\springframework\boot\spring-boot\4.1.1\spring-boot-4.1.1.jar;C:\Users\RUPHIN\.m2\repository\org\springframework\spring-web\7.0.9\spring-web-7.0.9.jar;C:\Users\RUPHIN\.m2\repository\org\springframework\boot\spring-boot-webmvc\4.1.1\spring-boot-webmvc-4.1.1.jar;C:\Users\RUPHIN\.m2\repository\org\springframework\boot\spring-boot-servlet\4.1.1\spring-boot-servlet-4.1.1.jar;C:\Users\RUPHIN\.m2\repository\org\springframework\spring-webmvc\7.0.9\spring-webmvc-7.0.9.jar;C:\Users\RUPHIN\.m2\repository\org\springframework\boot\spring-boot-starter-security\4.1.1\spring-boot-starter-security-4.1.1.jar;C:\Users\RUPHIN\.m2\repository\org\springframework\boot\spring-boot-starter\4.1.1\spring-boot-starter-4.1.1.jar;C:\Users\RUPHIN\.m2\repository\org\springframework\boot\spring-boot-starter-logging\4.1.1\spring-boot-starter-logging-4.1.1.jar;C:\Users\RUPHIN\.m2\repository\ch\qos\logback\logback-classic\1.5.38\logback-classic-1.5.38.jar;C:\Users\RUPHIN\.m2\repository\ch\qos\logback\logback-core\1.5.38\logback-core-1.5.38.jar;C:\Users\RUPHIN\.m2\repository\org\apache\logging\log4j\log4j-to-slf4j\2.25.5\log4j-to-slf4j-2.25.5.jar;C:\Users\RUPHIN\.m2\repository\org\apache\logging\log4j\log4j-api\2.25.5\log4j-api-2.25.5.jar;C:\Users\RUPHIN\.m2\repository\org\slf4j\jul-to-slf4j\2.0.18\jul-to-slf4j-2.0.18.jar;C:\Users\RUPHIN\.m2\repository\org\springframework\boot\spring-boot-autoconfigure\4.1.1\spring-boot-autoconfigure-4.1.1.jar;C:\Users\RUPHIN\.m2\repository\jakarta\annotation\jakarta.annotation-api\3.0.0\jakarta.annotation-api-3.0.0.jar;C:\Users\RUPHIN\.m2\repository\org\yaml\snakeyaml\2.6\snakeyaml-2.6.jar;C:\Users\RUPHIN\.m2\repository\org\springframework\boot\spring-boot-security\4.1.1\spring-boot-security-4.1.1.jar;C:\Users\RUPHIN\.m2\repository\org\springframework\security\spring-security-config\7.1.1\spring-security-config-7.1.1.jar;C:\Users\RUPHIN\.m2\repository\org\springframework\spring-aop\7.0.9\spring-aop-7.0.9.jar;C:\Users\RUPHIN\.m2\repository\org\springframework\spring-beans\7.0.9\spring-beans-7.0.9.jar;C:\Users\RUPHIN\.m2\repository\org\springframework\boot\spring-boot-starter-data-jpa\4.1.1\spring-boot-starter-data-jpa-4.1.1.jar;C:\Users\RUPHIN\.m2\repository\org\springframework\boot\spring-boot-starter-jdbc\4.1.1\spring-boot-starter-jdbc-4.1.1.jar;C:\Users\RUPHIN\.m2\repository\com\zaxxer\HikariCP\7.0.2\HikariCP-7.0.2.jar;C:\Users\RUPHIN\.m2\repository\org\springframework\boot\spring-boot-data-jpa\4.1.1\spring-boot-data-jpa-4.1.1.jar;C:\Users\RUPHIN\.m2\repository\org\springframework\boot\spring-boot-data-commons\4.1.1\spring-boot-data-commons-4.1.1.jar;C:\Users\RUPHIN\.m2\repository\org\springframework\boot\spring-boot-persistence\4.1.1\spring-boot-persistence-4.1.1.jar;C:\Users\RUPHIN\.m2\repository\org\springframework\data\spring-data-commons\4.1.1\spring-data-commons-4.1.1.jar;C:\Users\RUPHIN\.m2\repository\org\springframework\boot\spring-boot-hibernate\4.1.1\spring-boot-hibernate-4.1.1.jar;C:\Users\RUPHIN\.m2\repository\org\springframework\boot\spring-boot-jpa\4.1.1\spring-boot-jpa-4.1.1.jar;C:\Users\RUPHIN\.m2\repository\jakarta\persistence\jakarta.persistence-api\3.2.0\jakarta.persistence-api-3.2.0.jar;C:\Users\RUPHIN\.m2\repository\org\hibernate\orm\hibernate-core\7.4.5.Final\hibernate-core-7.4.5.Final.jar;C:\Users\RUPHIN\.m2\repository\jakarta\transaction\jakarta.transaction-api\2.0.1\jakarta.transaction-api-2.0.1.jar;C:\Users\RUPHIN\.m2\repository\org\hibernate\models\hibernate-models\1.1.1\hibernate-models-1.1.1.jar;C:\Users\RUPHIN\.m2\repository\org\glassfish\jaxb\jaxb-runtime\4.0.9\jaxb-runtime-4.0.9.jar;C:\Users\RUPHIN\.m2\repository\org\glassfish\jaxb\jaxb-core\4.0.9\jaxb-core-4.0.9.jar;C:\Users\RUPHIN\.m2\repository\org\eclipse\angus\angus-activation\2.0.3\angus-activation-2.0.3.jar;C:\Users\RUPHIN\.m2\repository\org\glassfish\jaxb\txw2\4.0.9\txw2-4.0.9.jar;C:\Users\RUPHIN\.m2\repository\com\sun\istack\istack-commons-runtime\4.1.2\istack-commons-runtime-4.1.2.jar;C:\Users\RUPHIN\.m2\repository\jakarta\inject\jakarta.inject-api\2.0.1\jakarta.inject-api-2.0.1.jar;C:\Users\RUPHIN\.m2\repository\org\springframework\spring-orm\7.0.9\spring-orm-7.0.9.jar;C:\Users\RUPHIN\.m2\repository\org\springframework\data\spring-data-jpa\4.1.1\spring-data-jpa-4.1.1.jar;C:\Users\RUPHIN\.m2\repository\org\springframework\spring-tx\7.0.9\spring-tx-7.0.9.jar;C:\Users\RUPHIN\.m2\repository\org\antlr\antlr4-runtime\4.13.2\antlr4-runtime-4.13.2.jar;C:\Users\RUPHIN\.m2\repository\org\springframework\spring-aspects\7.0.9\spring-aspects-7.0.9.jar;C:\Users\RUPHIN\.m2\repository\org\aspectj\aspectjweaver\1.9.25.1\aspectjweaver-1.9.25.1.jar;C:\Users\RUPHIN\.m2\repository\org\springframework\boot\spring-boot-jdbc\4.1.1\spring-boot-jdbc-4.1.1.jar;C:\Users\RUPHIN\.m2\repository\org\springframework\boot\spring-boot-sql\4.1.1\spring-boot-sql-4.1.1.jar;C:\Users\RUPHIN\.m2\repository\org\springframework\boot\spring-boot-transaction\4.1.1\spring-boot-transaction-4.1.1.jar;C:\Users\RUPHIN\.m2\repository\org\springframework\spring-jdbc\7.0.9\spring-jdbc-7.0.9.jar;C:\Users\RUPHIN\.m2\repository\org\springframework\boot\spring-boot-starter-validation\4.1.1\spring-boot-starter-validation-4.1.1.jar;C:\Users\RUPHIN\.m2\repository\org\springframework\boot\spring-boot-validation\4.1.1\spring-boot-validation-4.1.1.jar;C:\Users\RUPHIN\.m2\repository\org\apache\tomcat\embed\tomcat-embed-el\11.0.24\tomcat-embed-el-11.0.24.jar;C:\Users\RUPHIN\.m2\repository\org\hibernate\validator\hibernate-validator\9.1.3.Final\hibernate-validator-9.1.3.Final.jar;C:\Users\RUPHIN\.m2\repository\jakarta\validation\jakarta.validation-api\3.1.1\jakarta.validation-api-3.1.1.jar;C:\Users\RUPHIN\.m2\repository\org\jboss\logging\jboss-logging\3.6.3.Final\jboss-logging-3.6.3.Final.jar;C:\Users\RUPHIN\.m2\repository\com\fasterxml\classmate\1.7.3\classmate-1.7.3.jar;C:\Users\RUPHIN\.m2\repository\com\mysql\mysql-connector-j\9.7.0\mysql-connector-j-9.7.0.jar;C:\Users\RUPHIN\.m2\repository\io\jsonwebtoken\jjwt-api\0.12.6\jjwt-api-0.12.6.jar;C:\Users\RUPHIN\.m2\repository\io\jsonwebtoken\jjwt-impl\0.12.6\jjwt-impl-0.12.6.jar;C:\Users\RUPHIN\.m2\repository\io\jsonwebtoken\jjwt-jackson\0.12.6\jjwt-jackson-0.12.6.jar;C:\Users\RUPHIN\.m2\repository\com\fasterxml\jackson\core\jackson-databind\2.21.5\jackson-databind-2.21.5.jar;C:\Users\RUPHIN\.m2\repository\com\fasterxml\jackson\core\jackson-annotations\2.21\jackson-annotations-2.21.jar;C:\Users\RUPHIN\.m2\repository\com\fasterxml\jackson\core\jackson-core\2.21.5\jackson-core-2.21.5.jar;C:\Users\RUPHIN\.m2\repository\org\projectlombok\lombok\1.18.46\lombok-1.18.46.jar;C:\Users\RUPHIN\.m2\repository\org\slf4j\slf4j-api\2.0.18\slf4j-api-2.0.18.jar;C:\Users\RUPHIN\.m2\repository\jakarta\xml\bind\jakarta.xml.bind-api\4.0.5\jakarta.xml.bind-api-4.0.5.jar;C:\Users\RUPHIN\.m2\repository\jakarta\activation\jakarta.activation-api\2.1.4\jakarta.activation-api-2.1.4.jar;C:\Users\RUPHIN\.m2\repository\net\bytebuddy\byte-buddy\1.18.11\byte-buddy-1.18.11.jar;C:\Users\RUPHIN\.m2\repository\org\springframework\spring-core\7.0.9\spring-core-7.0.9.jar;C:\Users\RUPHIN\.m2\repository\commons-logging\commons-logging\1.3.6\commons-logging-1.3.6.jar;C:\Users\RUPHIN\.m2\repository\org\jspecify\jspecify\1.0.1\jspecify-1.0.1.jar;C:\Users\RUPHIN\.m2\repository\org\springframework\security\spring-security-core\7.1.1\spring-security-core-7.1.1.jar;C:\Users\RUPHIN\.m2\repository\org\springframework\security\spring-security-crypto\7.1.1\spring-security-crypto-7.1.1.jar;C:\Users\RUPHIN\.m2\repository\org\springframework\spring-context\7.0.9\spring-context-7.0.9.jar;C:\Users\RUPHIN\.m2\repository\org\springframework\spring-expression\7.0.9\spring-expression-7.0.9.jar;C:\Users\RUPHIN\.m2\repository\io\micrometer\micrometer-observation\1.17.1\micrometer-observation-1.17.1.jar;C:\Users\RUPHIN\.m2\repository\io\micrometer\micrometer-commons\1.17.1\micrometer-commons-1.17.1.jar;C:\Users\RUPHIN\.m2\repository\org\springframework\security\spring-security-web\7.1.1\spring-security-web-7.1.1.jar
Launcher Type: SUN_STANDARD

[Global flags]
     intx CICompilerCount                          = 4                                         {product} {ergonomic}
     uint ConcGCThreads                            = 2                                         {product} {ergonomic}
     bool FlightRecorder                           = true                                      {product} {management}
     uint G1ConcRefinementThreads                  = 8                                         {product} {ergonomic}
   size_t G1HeapRegionSize                         = 2097152                                   {product} {ergonomic}
   size_t InitialHeapSize                          = 266338304                                 {product} {ergonomic}
     bool ManagementServer                         = true                                      {product} {command line}
   size_t MarkStackSize                            = 4194304                                   {product} {ergonomic}
   size_t MarkStackSizeMax                         = 536870912                                 {product} {ergonomic}
   size_t MaxHeapSize                              = 4236247040                                {product} {ergonomic}
   size_t MaxNewSize                               = 2541748224                                {product} {ergonomic}
   size_t MinHeapDeltaBytes                        = 2097152                                   {product} {ergonomic}
   size_t MinHeapSize                              = 8388608                                   {product} {ergonomic}
    uintx NonNMethodCodeHeapSize                   = 4096                                   {pd product} {ergonomic}
    uintx NonProfiledCodeHeapSize                  = 0                                      {pd product} {ergonomic}
     bool ProfileInterpreter                       = false                                  {pd product} {command line}
    uintx ProfiledCodeHeapSize                     = 0                                      {pd product} {ergonomic}
   size_t SoftMaxHeapSize                          = 4236247040                             {manageable} {ergonomic}
     intx TieredStopAtLevel                        = 1                                         {product} {command line}
     bool UseCompressedOops                        = true                           {product lp64_product} {ergonomic}
     bool UseG1GC                                  = true                                      {product} {ergonomic}
     bool UseLargePagesIndividualAllocation        = false                                  {pd product} {ergonomic}

Logging:
Log output configuration:
 #0: stdout all=warning uptime,level,tags foldmultilines=false
 #1: stderr all=off uptime,level,tags foldmultilines=false

Environment Variables:
PATH=C:\Program Files\Common Files\Oracle\Java\javapath;C:\WINDOWS\system32;C:\WINDOWS;C:\WINDOWS\System32\Wbem;C:\WINDOWS\System32\WindowsPowerShell\v1.0\;C:\WINDOWS\System32\OpenSSH\;C:\Program Files\nodejs\;C:\apache-maven-3.9.15\bin;C:\apache-maven-3.9.15\lib;C:\apache-maven-3.9.15;C:\src\flutter\bin;C:\Program Files\Git\cmd;C:\Program Files\Docker\Docker\resources\bin;C:\Users\RUPHIN\scoop\shims;C:\Users\RUPHIN\.local\bin;C:\Program Files\MySQL\MySQL Shell 8.0\bin\;C:\Users\RUPHIN\AppData\Local\Microsoft\WindowsApps;C:\Users\RUPHIN\AppData\Roaming\npm;C:\Users\RUPHIN\AppData\Local\Programs\Microsoft VS Code\bin;C:\Users\RUPHIN\AppData\Local\GitHubDesktop\bin;C:\Program Files\JetBrains\IntelliJ IDEA 2023.1\bin;;C:\apache-maven-3.9.15;C:\apache-maven-3.9.15\bin;C:\apache-maven-3.9.15\lib;C:\src\flutter\bin;C:\Users\RUPHIN\.lmstudio\bin
USERNAME=RUPHIN
OS=Windows_NT
PROCESSOR_IDENTIFIER=Intel64 Family 6 Model 142 Stepping 12, GenuineIntel
TMP=C:\Users\RUPHIN\AppData\Local\Temp
TEMP=C:\Users\RUPHIN\AppData\Local\Temp




Periodic native trim disabled

---------------  S Y S T E M  ---------------

OS:
 Windows 11 , 64 bit Build 26100 (10.0.26100.9444)
OS uptime: 0 days 0:02 hours
Hyper-V role detected

CPU: total 8 (initial active 8) (4 cores per cpu, 2 threads per core) family 6 model 142 stepping 12 microcode 0x100, cx8, cmov, fxsr, ht, mmx, 3dnowpref, sse, sse2, sse3, ssse3, sse4.1, sse4.2, popcnt, lzcnt, tsc, tscinvbit, avx, avx2, aes, erms, clmul, bmi1, bmi2, adx, fma, vzeroupper, clflush, clflushopt, hv, rdtscp, f16c
Processor Information for processor 0
  Max Mhz: 2208, Current Mhz: 1706, Mhz Limit: 1700
Processor Information for processor 1
  Max Mhz: 2208, Current Mhz: 1706, Mhz Limit: 1700
Processor Information for processor 2
  Max Mhz: 2208, Current Mhz: 1706, Mhz Limit: 1700
Processor Information for processor 3
  Max Mhz: 2208, Current Mhz: 1706, Mhz Limit: 1700
Processor Information for processor 4
  Max Mhz: 2208, Current Mhz: 1505, Mhz Limit: 1700
Processor Information for processor 5
  Max Mhz: 2208, Current Mhz: 1706, Mhz Limit: 1700
Processor Information for processor 6
  Max Mhz: 2208, Current Mhz: 1706, Mhz Limit: 1700
Processor Information for processor 7
  Max Mhz: 2208, Current Mhz: 1706, Mhz Limit: 1700

Memory: 4k page, system-wide physical 16157M (8545M free)
TotalPageFile size 31517M (AvailPageFile size 23178M)
current process WorkingSet (physical memory assigned to process): 104M, peak: 104M
current process commit charge ("private bytes"): 391M, peak: 392M

vm_info: Java HotSpot(TM) 64-Bit Server VM (24.0.2+12-54) for windows-amd64 JRE (24.0.2+12-54), built on 2025-07-08T12:10:27Z with MS VC++ 17.6 (VS2022)

END.
